
==========================================================================
floorplan final report_tns
--------------------------------------------------------------------------
tns max 0.00

==========================================================================
floorplan final report_wns
--------------------------------------------------------------------------
wns max 0.00

==========================================================================
floorplan final report_worst_slack
--------------------------------------------------------------------------
worst slack max 0.17

==========================================================================
floorplan final report_clock_min_period
--------------------------------------------------------------------------
core_clock period_min = 1.53 fmax = 652.82

==========================================================================
floorplan final report_checks -path_delay min
--------------------------------------------------------------------------
Startpoint: reset_n (input port clocked by core_clock)
Endpoint: baud_gen.baud_tick$_DFF_PN0_
          (removal check against rising-edge clock core_clock)
Path Group: asynchronous
Path Type: min

Fanout     Cap    Slew   Delay    Time   Description
-----------------------------------------------------------------------------
                  0.00    0.00    0.00   clock core_clock (rise edge)
                          0.00    0.00   clock network delay (ideal)
                          0.34    0.34 ^ input external delay
    61    0.22    0.00    0.00    0.34 ^ reset_n (in)
                                         reset_n (net)
                  0.00    0.00    0.34 ^ baud_gen.baud_tick$_DFF_PN0_/RESET_B (sky130_fd_sc_hd__dfrtp_1)
                                  0.34   data arrival time

                  0.00    0.00    0.00   clock core_clock (rise edge)
                          0.00    0.00   clock network delay (ideal)
                          0.00    0.00   clock reconvergence pessimism
                                  0.00 ^ baud_gen.baud_tick$_DFF_PN0_/CLK (sky130_fd_sc_hd__dfrtp_1)
                          0.30    0.30   library removal time
                                  0.30   data required time
-----------------------------------------------------------------------------
                                  0.30   data required time
                                 -0.34   data arrival time
-----------------------------------------------------------------------------
                                  0.04   slack (MET)


Startpoint: rx_module.rx_sync$_DFF_P_
            (rising edge-triggered flip-flop clocked by core_clock)
Endpoint: rx_module.rx_filtered$_DFF_P_
          (rising edge-triggered flip-flop clocked by core_clock)
Path Group: core_clock
Path Type: min

Fanout     Cap    Slew   Delay    Time   Description
-----------------------------------------------------------------------------
                  0.00    0.00    0.00   clock core_clock (rise edge)
                          0.00    0.00   clock network delay (ideal)
                  0.00    0.00    0.00 ^ rx_module.rx_sync$_DFF_P_/CLK (sky130_fd_sc_hd__dfxtp_1)
     1    0.00    0.03    0.27    0.27 ^ rx_module.rx_sync$_DFF_P_/Q (sky130_fd_sc_hd__dfxtp_1)
                                         rx_module.rx_sync (net)
                  0.03    0.00    0.27 ^ rx_module.rx_filtered$_DFF_P_/D (sky130_fd_sc_hd__dfxtp_1)
                                  0.27   data arrival time

                  0.00    0.00    0.00   clock core_clock (rise edge)
                          0.00    0.00   clock network delay (ideal)
                          0.00    0.00   clock reconvergence pessimism
                                  0.00 ^ rx_module.rx_filtered$_DFF_P_/CLK (sky130_fd_sc_hd__dfxtp_1)
                         -0.03   -0.03   library hold time
                                 -0.03   data required time
-----------------------------------------------------------------------------
                                 -0.03   data required time
                                 -0.27   data arrival time
-----------------------------------------------------------------------------
                                  0.31   slack (MET)



==========================================================================
floorplan final report_checks -path_delay max
--------------------------------------------------------------------------
Startpoint: reset_n (input port clocked by core_clock)
Endpoint: rx_module.state[0]$_DFF_PN1_
          (recovery check against rising-edge clock core_clock)
Path Group: asynchronous
Path Type: max

Fanout     Cap    Slew   Delay    Time   Description
-----------------------------------------------------------------------------
                  0.00    0.00    0.00   clock core_clock (rise edge)
                          0.00    0.00   clock network delay (ideal)
                          0.34    0.34 ^ input external delay
    61    0.22    0.00    0.00    0.34 ^ reset_n (in)
                                         reset_n (net)
                  0.00    0.00    0.34 ^ rx_module.state[0]$_DFF_PN1_/SET_B (sky130_fd_sc_hd__dfstp_2)
                                  0.34   data arrival time

                  0.00    1.70    1.70   clock core_clock (rise edge)
                          0.00    1.70   clock network delay (ideal)
                          0.00    1.70   clock reconvergence pessimism
                                  1.70 ^ rx_module.state[0]$_DFF_PN1_/CLK (sky130_fd_sc_hd__dfstp_2)
                          0.13    1.83   library recovery time
                                  1.83   data required time
-----------------------------------------------------------------------------
                                  1.83   data required time
                                 -0.34   data arrival time
-----------------------------------------------------------------------------
                                  1.49   slack (MET)


Startpoint: rx_module.tick_count[0]$_DFFE_PN0P_
            (rising edge-triggered flip-flop clocked by core_clock)
Endpoint: rx_module.rx_data[0]$_DFFE_PN0P_
          (rising edge-triggered flip-flop clocked by core_clock)
Path Group: core_clock
Path Type: max

Fanout     Cap    Slew   Delay    Time   Description
-----------------------------------------------------------------------------
                  0.00    0.00    0.00   clock core_clock (rise edge)
                          0.00    0.00   clock network delay (ideal)
                  0.00    0.00    0.00 ^ rx_module.tick_count[0]$_DFFE_PN0P_/CLK (sky130_fd_sc_hd__dfrtp_1)
     4    0.01    0.10    0.35    0.35 ^ rx_module.tick_count[0]$_DFFE_PN0P_/Q (sky130_fd_sc_hd__dfrtp_1)
                                         rx_module.tick_count[0] (net)
                  0.10    0.00    0.35 ^ _368_/A (sky130_fd_sc_hd__ha_1)
     4    0.01    0.11    0.20    0.55 ^ _368_/COUT (sky130_fd_sc_hd__ha_1)
                                         _031_ (net)
                  0.11    0.00    0.55 ^ _202_/B (sky130_fd_sc_hd__nand3_1)
     7    0.02    0.17    0.17    0.72 v _202_/Y (sky130_fd_sc_hd__nand3_1)
                                         _084_ (net)
                  0.17    0.00    0.72 v _267_/A (sky130_fd_sc_hd__nor2_2)
     8    0.03    0.31    0.32    1.04 ^ _267_/Y (sky130_fd_sc_hd__nor2_2)
                                         _120_ (net)
                  0.31    0.00    1.04 ^ _268_/S (sky130_fd_sc_hd__mux2_2)
     1    0.00    0.05    0.37    1.41 v _268_/X (sky130_fd_sc_hd__mux2_2)
                                         _046_ (net)
                  0.05    0.00    1.41 v rx_module.rx_data[0]$_DFFE_PN0P_/D (sky130_fd_sc_hd__dfrtp_1)
                                  1.41   data arrival time

                  0.00    1.70    1.70   clock core_clock (rise edge)
                          0.00    1.70   clock network delay (ideal)
                          0.00    1.70   clock reconvergence pessimism
                                  1.70 ^ rx_module.rx_data[0]$_DFFE_PN0P_/CLK (sky130_fd_sc_hd__dfrtp_1)
                         -0.12    1.58   library setup time
                                  1.58   data required time
-----------------------------------------------------------------------------
                                  1.58   data required time
                                 -1.41   data arrival time
-----------------------------------------------------------------------------
                                  0.17   slack (MET)



==========================================================================
floorplan final report_checks -unconstrained
--------------------------------------------------------------------------
Startpoint: reset_n (input port clocked by core_clock)
Endpoint: rx_module.state[0]$_DFF_PN1_
          (recovery check against rising-edge clock core_clock)
Path Group: asynchronous
Path Type: max

Fanout     Cap    Slew   Delay    Time   Description
-----------------------------------------------------------------------------
                  0.00    0.00    0.00   clock core_clock (rise edge)
                          0.00    0.00   clock network delay (ideal)
                          0.34    0.34 ^ input external delay
    61    0.22    0.00    0.00    0.34 ^ reset_n (in)
                                         reset_n (net)
                  0.00    0.00    0.34 ^ rx_module.state[0]$_DFF_PN1_/SET_B (sky130_fd_sc_hd__dfstp_2)
                                  0.34   data arrival time

                  0.00    1.70    1.70   clock core_clock (rise edge)
                          0.00    1.70   clock network delay (ideal)
                          0.00    1.70   clock reconvergence pessimism
                                  1.70 ^ rx_module.state[0]$_DFF_PN1_/CLK (sky130_fd_sc_hd__dfstp_2)
                          0.13    1.83   library recovery time
                                  1.83   data required time
-----------------------------------------------------------------------------
                                  1.83   data required time
                                 -0.34   data arrival time
-----------------------------------------------------------------------------
                                  1.49   slack (MET)


Startpoint: rx_module.tick_count[0]$_DFFE_PN0P_
            (rising edge-triggered flip-flop clocked by core_clock)
Endpoint: rx_module.rx_data[0]$_DFFE_PN0P_
          (rising edge-triggered flip-flop clocked by core_clock)
Path Group: core_clock
Path Type: max

Fanout     Cap    Slew   Delay    Time   Description
-----------------------------------------------------------------------------
                  0.00    0.00    0.00   clock core_clock (rise edge)
                          0.00    0.00   clock network delay (ideal)
                  0.00    0.00    0.00 ^ rx_module.tick_count[0]$_DFFE_PN0P_/CLK (sky130_fd_sc_hd__dfrtp_1)
     4    0.01    0.10    0.35    0.35 ^ rx_module.tick_count[0]$_DFFE_PN0P_/Q (sky130_fd_sc_hd__dfrtp_1)
                                         rx_module.tick_count[0] (net)
                  0.10    0.00    0.35 ^ _368_/A (sky130_fd_sc_hd__ha_1)
     4    0.01    0.11    0.20    0.55 ^ _368_/COUT (sky130_fd_sc_hd__ha_1)
                                         _031_ (net)
                  0.11    0.00    0.55 ^ _202_/B (sky130_fd_sc_hd__nand3_1)
     7    0.02    0.17    0.17    0.72 v _202_/Y (sky130_fd_sc_hd__nand3_1)
                                         _084_ (net)
                  0.17    0.00    0.72 v _267_/A (sky130_fd_sc_hd__nor2_2)
     8    0.03    0.31    0.32    1.04 ^ _267_/Y (sky130_fd_sc_hd__nor2_2)
                                         _120_ (net)
                  0.31    0.00    1.04 ^ _268_/S (sky130_fd_sc_hd__mux2_2)
     1    0.00    0.05    0.37    1.41 v _268_/X (sky130_fd_sc_hd__mux2_2)
                                         _046_ (net)
                  0.05    0.00    1.41 v rx_module.rx_data[0]$_DFFE_PN0P_/D (sky130_fd_sc_hd__dfrtp_1)
                                  1.41   data arrival time

                  0.00    1.70    1.70   clock core_clock (rise edge)
                          0.00    1.70   clock network delay (ideal)
                          0.00    1.70   clock reconvergence pessimism
                                  1.70 ^ rx_module.rx_data[0]$_DFFE_PN0P_/CLK (sky130_fd_sc_hd__dfrtp_1)
                         -0.12    1.58   library setup time
                                  1.58   data required time
-----------------------------------------------------------------------------
                                  1.58   data required time
                                 -1.41   data arrival time
-----------------------------------------------------------------------------
                                  0.17   slack (MET)



==========================================================================
floorplan final report_power
--------------------------------------------------------------------------
Group                  Internal  Switching    Leakage      Total
                          Power      Power      Power      Power (Watts)
----------------------------------------------------------------
Sequential             1.54e-03   4.88e-06   8.20e-10   1.54e-03  99.0%
Combinational          8.74e-06   6.30e-06   5.36e-10   1.50e-05   1.0%
Clock                  0.00e+00   0.00e+00   0.00e+00   0.00e+00   0.0%
Macro                  0.00e+00   0.00e+00   0.00e+00   0.00e+00   0.0%
Pad                    0.00e+00   0.00e+00   0.00e+00   0.00e+00   0.0%
----------------------------------------------------------------
Total                  1.55e-03   1.12e-05   1.36e-09   1.56e-03 100.0%
                          99.3%       0.7%       0.0%
