
==========================================================================
detailed place report_tns
--------------------------------------------------------------------------
tns max 0.00

==========================================================================
detailed place report_wns
--------------------------------------------------------------------------
wns max 0.00

==========================================================================
detailed place report_worst_slack
--------------------------------------------------------------------------
worst slack max 0.07

==========================================================================
detailed place report_clock_min_period
--------------------------------------------------------------------------
core_clock period_min = 1.63 fmax = 615.28

==========================================================================
detailed place report_checks -path_delay min
--------------------------------------------------------------------------
Startpoint: reset_n (input port clocked by core_clock)
Endpoint: tx_module.state[1]$_DFF_PN0_
          (removal check against rising-edge clock core_clock)
Path Group: asynchronous
Path Type: min

Fanout     Cap    Slew   Delay    Time   Description
-----------------------------------------------------------------------------
                  0.00    0.00    0.00   clock core_clock (rise edge)
                          0.00    0.00   clock network delay (ideal)
                          0.34    0.34 ^ input external delay
     1    0.00    0.00    0.00    0.34 ^ reset_n (in)
                                         reset_n (net)
                  0.00    0.00    0.34 ^ input1/A (sky130_fd_sc_hd__buf_2)
     3    0.02    0.10    0.13    0.47 ^ input1/X (sky130_fd_sc_hd__buf_2)
                                         net1 (net)
                  0.10    0.00    0.47 ^ place44/A (sky130_fd_sc_hd__buf_12)
    28    0.14    0.17    0.21    0.68 ^ place44/X (sky130_fd_sc_hd__buf_12)
                                         net44 (net)
                  0.17    0.00    0.68 ^ tx_module.state[1]$_DFF_PN0_/RESET_B (sky130_fd_sc_hd__dfrtp_1)
                                  0.68   data arrival time

                  0.00    0.00    0.00   clock core_clock (rise edge)
                          0.00    0.00   clock network delay (ideal)
                          0.00    0.00   clock reconvergence pessimism
                                  0.00 ^ tx_module.state[1]$_DFF_PN0_/CLK (sky130_fd_sc_hd__dfrtp_1)
                          0.34    0.34   library removal time
                                  0.34   data required time
-----------------------------------------------------------------------------
                                  0.34   data required time
                                 -0.68   data arrival time
-----------------------------------------------------------------------------
                                  0.34   slack (MET)


Startpoint: rx_module.rx_sync$_DFF_P_
            (rising edge-triggered flip-flop clocked by core_clock)
Endpoint: rx_module.rx_filtered$_DFF_P_
          (rising edge-triggered flip-flop clocked by core_clock)
Path Group: core_clock
Path Type: min

Fanout     Cap    Slew   Delay    Time   Description
-----------------------------------------------------------------------------
                  0.00    0.00    0.00   clock core_clock (rise edge)
                          0.00    0.00   clock network delay (ideal)
                  0.00    0.00    0.00 ^ rx_module.rx_sync$_DFF_P_/CLK (sky130_fd_sc_hd__dfxtp_1)
     1    0.00    0.06    0.30    0.30 ^ rx_module.rx_sync$_DFF_P_/Q (sky130_fd_sc_hd__dfxtp_1)
                                         rx_module.rx_sync (net)
                  0.06    0.00    0.30 ^ rx_module.rx_filtered$_DFF_P_/D (sky130_fd_sc_hd__dfxtp_1)
                                  0.30   data arrival time

                  0.00    0.00    0.00   clock core_clock (rise edge)
                          0.00    0.00   clock network delay (ideal)
                          0.00    0.00   clock reconvergence pessimism
                                  0.00 ^ rx_module.rx_filtered$_DFF_P_/CLK (sky130_fd_sc_hd__dfxtp_1)
                         -0.04   -0.04   library hold time
                                 -0.04   data required time
-----------------------------------------------------------------------------
                                 -0.04   data required time
                                 -0.30   data arrival time
-----------------------------------------------------------------------------
                                  0.34   slack (MET)



==========================================================================
detailed place report_checks -path_delay max
--------------------------------------------------------------------------
Startpoint: reset_n (input port clocked by core_clock)
Endpoint: tx_module.data_reg[1]$_DFFE_PN0P_
          (recovery check against rising-edge clock core_clock)
Path Group: asynchronous
Path Type: max

Fanout     Cap    Slew   Delay    Time   Description
-----------------------------------------------------------------------------
                  0.00    0.00    0.00   clock core_clock (rise edge)
                          0.00    0.00   clock network delay (ideal)
                          0.34    0.34 ^ input external delay
     1    0.00    0.00    0.00    0.34 ^ reset_n (in)
                                         reset_n (net)
                  0.00    0.00    0.34 ^ input1/A (sky130_fd_sc_hd__buf_2)
     3    0.02    0.10    0.13    0.47 ^ input1/X (sky130_fd_sc_hd__buf_2)
                                         net1 (net)
                  0.10    0.00    0.47 ^ place43/A (sky130_fd_sc_hd__buf_4)
    14    0.07    0.20    0.25    0.72 ^ place43/X (sky130_fd_sc_hd__buf_4)
                                         net43 (net)
                  0.20    0.00    0.72 ^ place42/A (sky130_fd_sc_hd__buf_4)
     6    0.03    0.09    0.20    0.92 ^ place42/X (sky130_fd_sc_hd__buf_4)
                                         net42 (net)
                  0.09    0.00    0.92 ^ tx_module.data_reg[1]$_DFFE_PN0P_/RESET_B (sky130_fd_sc_hd__dfrtp_1)
                                  0.92   data arrival time

                  0.00    1.70    1.70   clock core_clock (rise edge)
                          0.00    1.70   clock network delay (ideal)
                          0.00    1.70   clock reconvergence pessimism
                                  1.70 ^ tx_module.data_reg[1]$_DFFE_PN0P_/CLK (sky130_fd_sc_hd__dfrtp_1)
                          0.20    1.90   library recovery time
                                  1.90   data required time
-----------------------------------------------------------------------------
                                  1.90   data required time
                                 -0.92   data arrival time
-----------------------------------------------------------------------------
                                  0.98   slack (MET)


Startpoint: rx_module.tick_count[0]$_DFFE_PN0P_
            (rising edge-triggered flip-flop clocked by core_clock)
Endpoint: rx_module.rx_data[4]$_DFFE_PN0P_
          (rising edge-triggered flip-flop clocked by core_clock)
Path Group: core_clock
Path Type: max

Fanout     Cap    Slew   Delay    Time   Description
-----------------------------------------------------------------------------
                  0.00    0.00    0.00   clock core_clock (rise edge)
                          0.00    0.00   clock network delay (ideal)
                  0.00    0.00    0.00 ^ rx_module.tick_count[0]$_DFFE_PN0P_/CLK (sky130_fd_sc_hd__dfrtp_1)
     4    0.01    0.12    0.36    0.36 ^ rx_module.tick_count[0]$_DFFE_PN0P_/Q (sky130_fd_sc_hd__dfrtp_1)
                                         rx_module.tick_count[0] (net)
                  0.12    0.00    0.36 ^ _368_/A (sky130_fd_sc_hd__ha_1)
     4    0.01    0.13    0.22    0.58 ^ _368_/COUT (sky130_fd_sc_hd__ha_1)
                                         _031_ (net)
                  0.13    0.00    0.58 ^ _202_/B (sky130_fd_sc_hd__nand3_1)
     7    0.02    0.23    0.23    0.81 v _202_/Y (sky130_fd_sc_hd__nand3_1)
                                         _084_ (net)
                  0.23    0.00    0.81 v _267_/A (sky130_fd_sc_hd__nor2_2)
     1    0.01    0.14    0.22    1.03 ^ _267_/Y (sky130_fd_sc_hd__nor2_2)
                                         _120_ (net)
                  0.14    0.00    1.03 ^ place35/A (sky130_fd_sc_hd__buf_12)
     8    0.04    0.06    0.14    1.17 ^ place35/X (sky130_fd_sc_hd__buf_12)
                                         net35 (net)
                  0.06    0.00    1.17 ^ _272_/S (sky130_fd_sc_hd__mux2_2)
     1    0.00    0.05    0.33    1.50 v _272_/X (sky130_fd_sc_hd__mux2_2)
                                         _050_ (net)
                  0.05    0.00    1.50 v rx_module.rx_data[4]$_DFFE_PN0P_/D (sky130_fd_sc_hd__dfrtp_1)
                                  1.50   data arrival time

                  0.00    1.70    1.70   clock core_clock (rise edge)
                          0.00    1.70   clock network delay (ideal)
                          0.00    1.70   clock reconvergence pessimism
                                  1.70 ^ rx_module.rx_data[4]$_DFFE_PN0P_/CLK (sky130_fd_sc_hd__dfrtp_1)
                         -0.13    1.57   library setup time
                                  1.57   data required time
-----------------------------------------------------------------------------
                                  1.57   data required time
                                 -1.50   data arrival time
-----------------------------------------------------------------------------
                                  0.07   slack (MET)



==========================================================================
detailed place report_checks -unconstrained
--------------------------------------------------------------------------
Startpoint: reset_n (input port clocked by core_clock)
Endpoint: tx_module.data_reg[1]$_DFFE_PN0P_
          (recovery check against rising-edge clock core_clock)
Path Group: asynchronous
Path Type: max

Fanout     Cap    Slew   Delay    Time   Description
-----------------------------------------------------------------------------
                  0.00    0.00    0.00   clock core_clock (rise edge)
                          0.00    0.00   clock network delay (ideal)
                          0.34    0.34 ^ input external delay
     1    0.00    0.00    0.00    0.34 ^ reset_n (in)
                                         reset_n (net)
                  0.00    0.00    0.34 ^ input1/A (sky130_fd_sc_hd__buf_2)
     3    0.02    0.10    0.13    0.47 ^ input1/X (sky130_fd_sc_hd__buf_2)
                                         net1 (net)
                  0.10    0.00    0.47 ^ place43/A (sky130_fd_sc_hd__buf_4)
    14    0.07    0.20    0.25    0.72 ^ place43/X (sky130_fd_sc_hd__buf_4)
                                         net43 (net)
                  0.20    0.00    0.72 ^ place42/A (sky130_fd_sc_hd__buf_4)
     6    0.03    0.09    0.20    0.92 ^ place42/X (sky130_fd_sc_hd__buf_4)
                                         net42 (net)
                  0.09    0.00    0.92 ^ tx_module.data_reg[1]$_DFFE_PN0P_/RESET_B (sky130_fd_sc_hd__dfrtp_1)
                                  0.92   data arrival time

                  0.00    1.70    1.70   clock core_clock (rise edge)
                          0.00    1.70   clock network delay (ideal)
                          0.00    1.70   clock reconvergence pessimism
                                  1.70 ^ tx_module.data_reg[1]$_DFFE_PN0P_/CLK (sky130_fd_sc_hd__dfrtp_1)
                          0.20    1.90   library recovery time
                                  1.90   data required time
-----------------------------------------------------------------------------
                                  1.90   data required time
                                 -0.92   data arrival time
-----------------------------------------------------------------------------
                                  0.98   slack (MET)


Startpoint: rx_module.tick_count[0]$_DFFE_PN0P_
            (rising edge-triggered flip-flop clocked by core_clock)
Endpoint: rx_module.rx_data[4]$_DFFE_PN0P_
          (rising edge-triggered flip-flop clocked by core_clock)
Path Group: core_clock
Path Type: max

Fanout     Cap    Slew   Delay    Time   Description
-----------------------------------------------------------------------------
                  0.00    0.00    0.00   clock core_clock (rise edge)
                          0.00    0.00   clock network delay (ideal)
                  0.00    0.00    0.00 ^ rx_module.tick_count[0]$_DFFE_PN0P_/CLK (sky130_fd_sc_hd__dfrtp_1)
     4    0.01    0.12    0.36    0.36 ^ rx_module.tick_count[0]$_DFFE_PN0P_/Q (sky130_fd_sc_hd__dfrtp_1)
                                         rx_module.tick_count[0] (net)
                  0.12    0.00    0.36 ^ _368_/A (sky130_fd_sc_hd__ha_1)
     4    0.01    0.13    0.22    0.58 ^ _368_/COUT (sky130_fd_sc_hd__ha_1)
                                         _031_ (net)
                  0.13    0.00    0.58 ^ _202_/B (sky130_fd_sc_hd__nand3_1)
     7    0.02    0.23    0.23    0.81 v _202_/Y (sky130_fd_sc_hd__nand3_1)
                                         _084_ (net)
                  0.23    0.00    0.81 v _267_/A (sky130_fd_sc_hd__nor2_2)
     1    0.01    0.14    0.22    1.03 ^ _267_/Y (sky130_fd_sc_hd__nor2_2)
                                         _120_ (net)
                  0.14    0.00    1.03 ^ place35/A (sky130_fd_sc_hd__buf_12)
     8    0.04    0.06    0.14    1.17 ^ place35/X (sky130_fd_sc_hd__buf_12)
                                         net35 (net)
                  0.06    0.00    1.17 ^ _272_/S (sky130_fd_sc_hd__mux2_2)
     1    0.00    0.05    0.33    1.50 v _272_/X (sky130_fd_sc_hd__mux2_2)
                                         _050_ (net)
                  0.05    0.00    1.50 v rx_module.rx_data[4]$_DFFE_PN0P_/D (sky130_fd_sc_hd__dfrtp_1)
                                  1.50   data arrival time

                  0.00    1.70    1.70   clock core_clock (rise edge)
                          0.00    1.70   clock network delay (ideal)
                          0.00    1.70   clock reconvergence pessimism
                                  1.70 ^ rx_module.rx_data[4]$_DFFE_PN0P_/CLK (sky130_fd_sc_hd__dfrtp_1)
                         -0.13    1.57   library setup time
                                  1.57   data required time
-----------------------------------------------------------------------------
                                  1.57   data required time
                                 -1.50   data arrival time
-----------------------------------------------------------------------------
                                  0.07   slack (MET)



==========================================================================
detailed place report_check_types -max_slew -max_cap -max_fanout -violators
--------------------------------------------------------------------------

==========================================================================
detailed place max_slew_check_slack
--------------------------------------------------------------------------
1.124946117401123

==========================================================================
detailed place max_slew_check_limit
--------------------------------------------------------------------------
1.4963760375976562

==========================================================================
detailed place max_slew_check_slack_limit
--------------------------------------------------------------------------
0.7518

==========================================================================
detailed place max_fanout_check_slack
--------------------------------------------------------------------------
1.0000000150474662e+30

==========================================================================
detailed place max_fanout_check_limit
--------------------------------------------------------------------------
1.0000000150474662e+30

==========================================================================
detailed place max_capacitance_check_slack
--------------------------------------------------------------------------
0.04067254438996315

==========================================================================
detailed place max_capacitance_check_limit
--------------------------------------------------------------------------
0.05036399886012077

==========================================================================
detailed place max_capacitance_check_slack_limit
--------------------------------------------------------------------------
0.8076

==========================================================================
detailed place max_slew_violation_count
--------------------------------------------------------------------------
max slew violation count 0

==========================================================================
detailed place max_fanout_violation_count
--------------------------------------------------------------------------
max fanout violation count 0

==========================================================================
detailed place max_cap_violation_count
--------------------------------------------------------------------------
max cap violation count 0

==========================================================================
detailed place setup_violation_count
--------------------------------------------------------------------------
setup violation count 0

==========================================================================
detailed place hold_violation_count
--------------------------------------------------------------------------
hold violation count 0

==========================================================================
detailed place report_checks -path_delay max reg to reg
--------------------------------------------------------------------------
Startpoint: rx_module.tick_count[0]$_DFFE_PN0P_
            (rising edge-triggered flip-flop clocked by core_clock)
Endpoint: rx_module.rx_data[4]$_DFFE_PN0P_
          (rising edge-triggered flip-flop clocked by core_clock)
Path Group: core_clock
Path Type: max

  Delay    Time   Description
---------------------------------------------------------
   0.00    0.00   clock core_clock (rise edge)
   0.00    0.00   clock network delay (ideal)
   0.00    0.00 ^ rx_module.tick_count[0]$_DFFE_PN0P_/CLK (sky130_fd_sc_hd__dfrtp_1)
   0.36    0.36 ^ rx_module.tick_count[0]$_DFFE_PN0P_/Q (sky130_fd_sc_hd__dfrtp_1)
   0.22    0.58 ^ _368_/COUT (sky130_fd_sc_hd__ha_1)
   0.23    0.81 v _202_/Y (sky130_fd_sc_hd__nand3_1)
   0.22    1.03 ^ _267_/Y (sky130_fd_sc_hd__nor2_2)
   0.14    1.17 ^ place35/X (sky130_fd_sc_hd__buf_12)
   0.33    1.50 v _272_/X (sky130_fd_sc_hd__mux2_2)
   0.00    1.50 v rx_module.rx_data[4]$_DFFE_PN0P_/D (sky130_fd_sc_hd__dfrtp_1)
           1.50   data arrival time

   1.70    1.70   clock core_clock (rise edge)
   0.00    1.70   clock network delay (ideal)
   0.00    1.70   clock reconvergence pessimism
           1.70 ^ rx_module.rx_data[4]$_DFFE_PN0P_/CLK (sky130_fd_sc_hd__dfrtp_1)
  -0.13    1.57   library setup time
           1.57   data required time
---------------------------------------------------------
           1.57   data required time
          -1.50   data arrival time
---------------------------------------------------------
           0.07   slack (MET)



==========================================================================
detailed place report_checks -path_delay min reg to reg
--------------------------------------------------------------------------
Startpoint: rx_module.rx_sync$_DFF_P_
            (rising edge-triggered flip-flop clocked by core_clock)
Endpoint: rx_module.rx_filtered$_DFF_P_
          (rising edge-triggered flip-flop clocked by core_clock)
Path Group: core_clock
Path Type: min

  Delay    Time   Description
---------------------------------------------------------
   0.00    0.00   clock core_clock (rise edge)
   0.00    0.00   clock network delay (ideal)
   0.00    0.00 ^ rx_module.rx_sync$_DFF_P_/CLK (sky130_fd_sc_hd__dfxtp_1)
   0.30    0.30 ^ rx_module.rx_sync$_DFF_P_/Q (sky130_fd_sc_hd__dfxtp_1)
   0.00    0.30 ^ rx_module.rx_filtered$_DFF_P_/D (sky130_fd_sc_hd__dfxtp_1)
           0.30   data arrival time

   0.00    0.00   clock core_clock (rise edge)
   0.00    0.00   clock network delay (ideal)
   0.00    0.00   clock reconvergence pessimism
           0.00 ^ rx_module.rx_filtered$_DFF_P_/CLK (sky130_fd_sc_hd__dfxtp_1)
  -0.04   -0.04   library hold time
          -0.04   data required time
---------------------------------------------------------
          -0.04   data required time
          -0.30   data arrival time
---------------------------------------------------------
           0.34   slack (MET)



==========================================================================
detailed place critical path target clock latency max path
--------------------------------------------------------------------------
0.0000

==========================================================================
detailed place critical path target clock latency min path
--------------------------------------------------------------------------
0.0000

==========================================================================
detailed place critical path source clock latency min path
--------------------------------------------------------------------------
0.0000

==========================================================================
detailed place critical path delay
--------------------------------------------------------------------------
1.4991

==========================================================================
detailed place critical path slack
--------------------------------------------------------------------------
0.0747

==========================================================================
detailed place slack div critical path delay
--------------------------------------------------------------------------
4.982990

==========================================================================
detailed place report_power
--------------------------------------------------------------------------
Group                  Internal  Switching    Leakage      Total
                          Power      Power      Power      Power (Watts)
----------------------------------------------------------------
Sequential             1.54e-03   6.88e-06   8.20e-10   1.55e-03  94.9%
Combinational          3.86e-05   4.36e-05   6.61e-10   8.22e-05   5.1%
Clock                  0.00e+00   0.00e+00   0.00e+00   0.00e+00   0.0%
Macro                  0.00e+00   0.00e+00   0.00e+00   0.00e+00   0.0%
Pad                    0.00e+00   0.00e+00   0.00e+00   0.00e+00   0.0%
----------------------------------------------------------------
Total                  1.58e-03   5.05e-05   1.48e-09   1.63e-03 100.0%
                          96.9%       3.1%       0.0%
