
==========================================================================
finish report_tns
--------------------------------------------------------------------------
tns max 0.00

==========================================================================
finish report_wns
--------------------------------------------------------------------------
wns max 0.00

==========================================================================
finish report_worst_slack
--------------------------------------------------------------------------
worst slack max 0.06

==========================================================================
finish report_clock_min_period
--------------------------------------------------------------------------
core_clock period_min = 1.64 fmax = 611.49

==========================================================================
finish report_clock_skew
--------------------------------------------------------------------------
Clock core_clock
   0.33 source latency baud_gen.baud_tick$_DFF_PN0_/CLK ^
  -0.33 target latency rx_module.rx_data[3]$_DFFE_PN0P_/CLK ^
   0.00 CRPR
--------------
  -0.01 setup skew


==========================================================================
finish report_checks -path_delay min
--------------------------------------------------------------------------
Startpoint: reset_n (input port clocked by core_clock)
Endpoint: tx_module.state[1]$_DFF_PN0_
          (removal check against rising-edge clock core_clock)
Path Group: asynchronous
Path Type: min

Fanout     Cap    Slew   Delay    Time   Description
-----------------------------------------------------------------------------
                          0.00    0.00   clock core_clock (rise edge)
                          0.00    0.00   clock network delay (propagated)
                          0.34    0.34 ^ input external delay
     1    0.00    0.00    0.00    0.34 ^ reset_n (in)
                                         reset_n (net)
                  0.00    0.00    0.34 ^ hold46/A (sky130_fd_sc_hd__dlygate4sd3_1)
     1    0.00    0.06    0.53    0.87 ^ hold46/X (sky130_fd_sc_hd__dlygate4sd3_1)
                                         net46 (net)
                  0.06    0.00    0.87 ^ input1/A (sky130_fd_sc_hd__buf_2)
     3    0.02    0.10    0.15    1.02 ^ input1/X (sky130_fd_sc_hd__buf_2)
                                         net1 (net)
                  0.10    0.00    1.02 ^ place44/A (sky130_fd_sc_hd__buf_12)
    28    0.13    0.15    0.19    1.21 ^ place44/X (sky130_fd_sc_hd__buf_12)
                                         net44 (net)
                  0.15    0.00    1.21 ^ tx_module.state[1]$_DFF_PN0_/RESET_B (sky130_fd_sc_hd__dfrtp_1)
                                  1.21   data arrival time

                          0.00    0.00   clock core_clock (rise edge)
                          0.00    0.00   clock source latency
     1    0.02    0.00    0.00    0.00 ^ clk (in)
                                         clk (net)
                  0.00    0.00    0.00 ^ clkbuf_0_clk/A (sky130_fd_sc_hd__clkbuf_8)
     8    0.06    0.11    0.16    0.16 ^ clkbuf_0_clk/X (sky130_fd_sc_hd__clkbuf_8)
                                         clknet_0_clk (net)
                  0.11    0.00    0.16 ^ clkbuf_3_2__f_clk/A (sky130_fd_sc_hd__clkbuf_8)
     8    0.03    0.07    0.17    0.33 ^ clkbuf_3_2__f_clk/X (sky130_fd_sc_hd__clkbuf_8)
                                         clknet_3_2__leaf_clk (net)
                  0.07    0.00    0.33 ^ tx_module.state[1]$_DFF_PN0_/CLK (sky130_fd_sc_hd__dfrtp_1)
                          0.00    0.33   clock reconvergence pessimism
                          0.36    0.68   library removal time
                                  0.68   data required time
-----------------------------------------------------------------------------
                                  0.68   data required time
                                 -1.21   data arrival time
-----------------------------------------------------------------------------
                                  0.53   slack (MET)


Startpoint: rx_module.rx_sync$_DFF_P_
            (rising edge-triggered flip-flop clocked by core_clock)
Endpoint: rx_module.rx_filtered$_DFF_P_
          (rising edge-triggered flip-flop clocked by core_clock)
Path Group: core_clock
Path Type: min

Fanout     Cap    Slew   Delay    Time   Description
-----------------------------------------------------------------------------
                          0.00    0.00   clock core_clock (rise edge)
                          0.00    0.00   clock source latency
     1    0.02    0.00    0.00    0.00 ^ clk (in)
                                         clk (net)
                  0.00    0.00    0.00 ^ clkbuf_0_clk/A (sky130_fd_sc_hd__clkbuf_8)
     8    0.06    0.11    0.16    0.16 ^ clkbuf_0_clk/X (sky130_fd_sc_hd__clkbuf_8)
                                         clknet_0_clk (net)
                  0.11    0.00    0.16 ^ clkbuf_3_4__f_clk/A (sky130_fd_sc_hd__clkbuf_8)
     9    0.03    0.06    0.16    0.33 ^ clkbuf_3_4__f_clk/X (sky130_fd_sc_hd__clkbuf_8)
                                         clknet_3_4__leaf_clk (net)
                  0.06    0.00    0.33 ^ rx_module.rx_sync$_DFF_P_/CLK (sky130_fd_sc_hd__dfxtp_1)
     1    0.00    0.06    0.32    0.65 ^ rx_module.rx_sync$_DFF_P_/Q (sky130_fd_sc_hd__dfxtp_1)
                                         rx_module.rx_sync (net)
                  0.06    0.00    0.65 ^ rx_module.rx_filtered$_DFF_P_/D (sky130_fd_sc_hd__dfxtp_1)
                                  0.65   data arrival time

                          0.00    0.00   clock core_clock (rise edge)
                          0.00    0.00   clock source latency
     1    0.02    0.00    0.00    0.00 ^ clk (in)
                                         clk (net)
                  0.00    0.00    0.00 ^ clkbuf_0_clk/A (sky130_fd_sc_hd__clkbuf_8)
     8    0.06    0.11    0.16    0.16 ^ clkbuf_0_clk/X (sky130_fd_sc_hd__clkbuf_8)
                                         clknet_0_clk (net)
                  0.11    0.00    0.16 ^ clkbuf_3_4__f_clk/A (sky130_fd_sc_hd__clkbuf_8)
     9    0.03    0.06    0.16    0.33 ^ clkbuf_3_4__f_clk/X (sky130_fd_sc_hd__clkbuf_8)
                                         clknet_3_4__leaf_clk (net)
                  0.06    0.00    0.33 ^ rx_module.rx_filtered$_DFF_P_/CLK (sky130_fd_sc_hd__dfxtp_1)
                          0.00    0.33   clock reconvergence pessimism
                         -0.03    0.30   library hold time
                                  0.30   data required time
-----------------------------------------------------------------------------
                                  0.30   data required time
                                 -0.65   data arrival time
-----------------------------------------------------------------------------
                                  0.35   slack (MET)



==========================================================================
finish report_checks -path_delay max
--------------------------------------------------------------------------
Startpoint: reset_n (input port clocked by core_clock)
Endpoint: tx_module.data_reg[6]$_DFFE_PN0P_
          (recovery check against rising-edge clock core_clock)
Path Group: asynchronous
Path Type: max

Fanout     Cap    Slew   Delay    Time   Description
-----------------------------------------------------------------------------
                          0.00    0.00   clock core_clock (rise edge)
                          0.00    0.00   clock network delay (propagated)
                          0.34    0.34 ^ input external delay
     1    0.00    0.00    0.00    0.34 ^ reset_n (in)
                                         reset_n (net)
                  0.00    0.00    0.34 ^ hold46/A (sky130_fd_sc_hd__dlygate4sd3_1)
     1    0.00    0.06    0.53    0.87 ^ hold46/X (sky130_fd_sc_hd__dlygate4sd3_1)
                                         net46 (net)
                  0.06    0.00    0.87 ^ input1/A (sky130_fd_sc_hd__buf_2)
     3    0.02    0.10    0.15    1.02 ^ input1/X (sky130_fd_sc_hd__buf_2)
                                         net1 (net)
                  0.10    0.00    1.02 ^ place43/A (sky130_fd_sc_hd__buf_4)
    14    0.06    0.18    0.23    1.25 ^ place43/X (sky130_fd_sc_hd__buf_4)
                                         net43 (net)
                  0.18    0.00    1.25 ^ place42/A (sky130_fd_sc_hd__buf_4)
     6    0.03    0.09    0.19    1.44 ^ place42/X (sky130_fd_sc_hd__buf_4)
                                         net42 (net)
                  0.09    0.00    1.44 ^ tx_module.data_reg[6]$_DFFE_PN0P_/RESET_B (sky130_fd_sc_hd__dfrtp_1)
                                  1.44   data arrival time

                          1.70    1.70   clock core_clock (rise edge)
                          0.00    1.70   clock source latency
     1    0.02    0.00    0.00    1.70 ^ clk (in)
                                         clk (net)
                  0.00    0.00    1.70 ^ clkbuf_0_clk/A (sky130_fd_sc_hd__clkbuf_8)
     8    0.06    0.11    0.16    1.86 ^ clkbuf_0_clk/X (sky130_fd_sc_hd__clkbuf_8)
                                         clknet_0_clk (net)
                  0.11    0.00    1.86 ^ clkbuf_3_1__f_clk/A (sky130_fd_sc_hd__clkbuf_8)
     8    0.03    0.07    0.17    2.03 ^ clkbuf_3_1__f_clk/X (sky130_fd_sc_hd__clkbuf_8)
                                         clknet_3_1__leaf_clk (net)
                  0.07    0.00    2.03 ^ tx_module.data_reg[6]$_DFFE_PN0P_/CLK (sky130_fd_sc_hd__dfrtp_1)
                          0.00    2.03   clock reconvergence pessimism
                          0.23    2.25   library recovery time
                                  2.25   data required time
-----------------------------------------------------------------------------
                                  2.25   data required time
                                 -1.44   data arrival time
-----------------------------------------------------------------------------
                                  0.81   slack (MET)


Startpoint: tx_module.tx$_DFF_PN1_
            (rising edge-triggered flip-flop clocked by core_clock)
Endpoint: tx (output port clocked by core_clock)
Path Group: core_clock
Path Type: max

Fanout     Cap    Slew   Delay    Time   Description
-----------------------------------------------------------------------------
                          0.00    0.00   clock core_clock (rise edge)
                          0.00    0.00   clock source latency
     1    0.02    0.00    0.00    0.00 ^ clk (in)
                                         clk (net)
                  0.00    0.00    0.00 ^ clkbuf_0_clk/A (sky130_fd_sc_hd__clkbuf_8)
     8    0.06    0.11    0.16    0.16 ^ clkbuf_0_clk/X (sky130_fd_sc_hd__clkbuf_8)
                                         clknet_0_clk (net)
                  0.11    0.00    0.16 ^ clkbuf_3_0__f_clk/A (sky130_fd_sc_hd__clkbuf_8)
     9    0.03    0.07    0.17    0.33 ^ clkbuf_3_0__f_clk/X (sky130_fd_sc_hd__clkbuf_8)
                                         clknet_3_0__leaf_clk (net)
                  0.07    0.00    0.33 ^ tx_module.tx$_DFF_PN1_/CLK (sky130_fd_sc_hd__dfstp_2)
     1    0.00    0.03    0.51    0.84 ^ tx_module.tx$_DFF_PN1_/Q (sky130_fd_sc_hd__dfstp_2)
                                         net21 (net)
                  0.03    0.00    0.84 ^ output21/A (sky130_fd_sc_hd__clkdlybuf4s50_1)
     1    0.00    0.04    0.45    1.30 ^ output21/X (sky130_fd_sc_hd__clkdlybuf4s50_1)
                                         tx (net)
                  0.04    0.00    1.30 ^ tx (out)
                                  1.30   data arrival time

                          1.70    1.70   clock core_clock (rise edge)
                          0.00    1.70   clock network delay (propagated)
                          0.00    1.70   clock reconvergence pessimism
                         -0.34    1.36   output external delay
                                  1.36   data required time
-----------------------------------------------------------------------------
                                  1.36   data required time
                                 -1.30   data arrival time
-----------------------------------------------------------------------------
                                  0.06   slack (MET)



==========================================================================
finish report_checks -unconstrained
--------------------------------------------------------------------------
Startpoint: reset_n (input port clocked by core_clock)
Endpoint: tx_module.data_reg[6]$_DFFE_PN0P_
          (recovery check against rising-edge clock core_clock)
Path Group: asynchronous
Path Type: max

Fanout     Cap    Slew   Delay    Time   Description
-----------------------------------------------------------------------------
                          0.00    0.00   clock core_clock (rise edge)
                          0.00    0.00   clock network delay (propagated)
                          0.34    0.34 ^ input external delay
     1    0.00    0.00    0.00    0.34 ^ reset_n (in)
                                         reset_n (net)
                  0.00    0.00    0.34 ^ hold46/A (sky130_fd_sc_hd__dlygate4sd3_1)
     1    0.00    0.06    0.53    0.87 ^ hold46/X (sky130_fd_sc_hd__dlygate4sd3_1)
                                         net46 (net)
                  0.06    0.00    0.87 ^ input1/A (sky130_fd_sc_hd__buf_2)
     3    0.02    0.10    0.15    1.02 ^ input1/X (sky130_fd_sc_hd__buf_2)
                                         net1 (net)
                  0.10    0.00    1.02 ^ place43/A (sky130_fd_sc_hd__buf_4)
    14    0.06    0.18    0.23    1.25 ^ place43/X (sky130_fd_sc_hd__buf_4)
                                         net43 (net)
                  0.18    0.00    1.25 ^ place42/A (sky130_fd_sc_hd__buf_4)
     6    0.03    0.09    0.19    1.44 ^ place42/X (sky130_fd_sc_hd__buf_4)
                                         net42 (net)
                  0.09    0.00    1.44 ^ tx_module.data_reg[6]$_DFFE_PN0P_/RESET_B (sky130_fd_sc_hd__dfrtp_1)
                                  1.44   data arrival time

                          1.70    1.70   clock core_clock (rise edge)
                          0.00    1.70   clock source latency
     1    0.02    0.00    0.00    1.70 ^ clk (in)
                                         clk (net)
                  0.00    0.00    1.70 ^ clkbuf_0_clk/A (sky130_fd_sc_hd__clkbuf_8)
     8    0.06    0.11    0.16    1.86 ^ clkbuf_0_clk/X (sky130_fd_sc_hd__clkbuf_8)
                                         clknet_0_clk (net)
                  0.11    0.00    1.86 ^ clkbuf_3_1__f_clk/A (sky130_fd_sc_hd__clkbuf_8)
     8    0.03    0.07    0.17    2.03 ^ clkbuf_3_1__f_clk/X (sky130_fd_sc_hd__clkbuf_8)
                                         clknet_3_1__leaf_clk (net)
                  0.07    0.00    2.03 ^ tx_module.data_reg[6]$_DFFE_PN0P_/CLK (sky130_fd_sc_hd__dfrtp_1)
                          0.00    2.03   clock reconvergence pessimism
                          0.23    2.25   library recovery time
                                  2.25   data required time
-----------------------------------------------------------------------------
                                  2.25   data required time
                                 -1.44   data arrival time
-----------------------------------------------------------------------------
                                  0.81   slack (MET)


Startpoint: tx_module.tx$_DFF_PN1_
            (rising edge-triggered flip-flop clocked by core_clock)
Endpoint: tx (output port clocked by core_clock)
Path Group: core_clock
Path Type: max

Fanout     Cap    Slew   Delay    Time   Description
-----------------------------------------------------------------------------
                          0.00    0.00   clock core_clock (rise edge)
                          0.00    0.00   clock source latency
     1    0.02    0.00    0.00    0.00 ^ clk (in)
                                         clk (net)
                  0.00    0.00    0.00 ^ clkbuf_0_clk/A (sky130_fd_sc_hd__clkbuf_8)
     8    0.06    0.11    0.16    0.16 ^ clkbuf_0_clk/X (sky130_fd_sc_hd__clkbuf_8)
                                         clknet_0_clk (net)
                  0.11    0.00    0.16 ^ clkbuf_3_0__f_clk/A (sky130_fd_sc_hd__clkbuf_8)
     9    0.03    0.07    0.17    0.33 ^ clkbuf_3_0__f_clk/X (sky130_fd_sc_hd__clkbuf_8)
                                         clknet_3_0__leaf_clk (net)
                  0.07    0.00    0.33 ^ tx_module.tx$_DFF_PN1_/CLK (sky130_fd_sc_hd__dfstp_2)
     1    0.00    0.03    0.51    0.84 ^ tx_module.tx$_DFF_PN1_/Q (sky130_fd_sc_hd__dfstp_2)
                                         net21 (net)
                  0.03    0.00    0.84 ^ output21/A (sky130_fd_sc_hd__clkdlybuf4s50_1)
     1    0.00    0.04    0.45    1.30 ^ output21/X (sky130_fd_sc_hd__clkdlybuf4s50_1)
                                         tx (net)
                  0.04    0.00    1.30 ^ tx (out)
                                  1.30   data arrival time

                          1.70    1.70   clock core_clock (rise edge)
                          0.00    1.70   clock network delay (propagated)
                          0.00    1.70   clock reconvergence pessimism
                         -0.34    1.36   output external delay
                                  1.36   data required time
-----------------------------------------------------------------------------
                                  1.36   data required time
                                 -1.30   data arrival time
-----------------------------------------------------------------------------
                                  0.06   slack (MET)



==========================================================================
finish report_check_types -max_slew -max_cap -max_fanout -violators
--------------------------------------------------------------------------

==========================================================================
finish max_slew_check_slack
--------------------------------------------------------------------------
1.0904310941696167

==========================================================================
finish max_slew_check_limit
--------------------------------------------------------------------------
1.4888180494308472

==========================================================================
finish max_slew_check_slack_limit
--------------------------------------------------------------------------
0.7324

==========================================================================
finish max_fanout_check_slack
--------------------------------------------------------------------------
1.0000000150474662e+30

==========================================================================
finish max_fanout_check_limit
--------------------------------------------------------------------------
1.0000000150474662e+30

==========================================================================
finish max_capacitance_check_slack
--------------------------------------------------------------------------
0.03985226899385452

==========================================================================
finish max_capacitance_check_limit
--------------------------------------------------------------------------
0.047616999596357346

==========================================================================
finish max_capacitance_check_slack_limit
--------------------------------------------------------------------------
0.8369

==========================================================================
finish max_slew_violation_count
--------------------------------------------------------------------------
max slew violation count 0

==========================================================================
finish max_fanout_violation_count
--------------------------------------------------------------------------
max fanout violation count 0

==========================================================================
finish max_cap_violation_count
--------------------------------------------------------------------------
max cap violation count 0

==========================================================================
finish setup_violation_count
--------------------------------------------------------------------------
setup violation count 0

==========================================================================
finish hold_violation_count
--------------------------------------------------------------------------
hold violation count 0

==========================================================================
finish report_checks -path_delay max reg to reg
--------------------------------------------------------------------------
Startpoint: rx_module.state[3]$_DFF_PN0_
            (rising edge-triggered flip-flop clocked by core_clock)
Endpoint: rx_module.tick_count[0]$_DFFE_PN0P_
          (rising edge-triggered flip-flop clocked by core_clock)
Path Group: core_clock
Path Type: max

  Delay    Time   Description
---------------------------------------------------------
   0.00    0.00   clock core_clock (rise edge)
   0.00    0.00   clock source latency
   0.00    0.00 ^ clk (in)
   0.16    0.16 ^ clkbuf_0_clk/X (sky130_fd_sc_hd__clkbuf_8)
   0.17    0.33 ^ clkbuf_3_6__f_clk/X (sky130_fd_sc_hd__clkbuf_8)
   0.00    0.33 ^ rx_module.state[3]$_DFF_PN0_/CLK (sky130_fd_sc_hd__dfrtp_1)
   0.51    0.83 v rx_module.state[3]$_DFF_PN0_/Q (sky130_fd_sc_hd__dfrtp_1)
   0.41    1.25 v _287_/X (sky130_fd_sc_hd__o31a_1)
   0.20    1.45 ^ _288_/Y (sky130_fd_sc_hd__nor3_4)
   0.35    1.80 v _289_/X (sky130_fd_sc_hd__mux2_1)
   0.00    1.80 v rx_module.tick_count[0]$_DFFE_PN0P_/D (sky130_fd_sc_hd__dfrtp_1)
           1.80   data arrival time

   1.70    1.70   clock core_clock (rise edge)
   0.00    1.70   clock source latency
   0.00    1.70 ^ clk (in)
   0.16    1.86 ^ clkbuf_0_clk/X (sky130_fd_sc_hd__clkbuf_8)
   0.17    2.03 ^ clkbuf_3_3__f_clk/X (sky130_fd_sc_hd__clkbuf_8)
   0.00    2.03 ^ rx_module.tick_count[0]$_DFFE_PN0P_/CLK (sky130_fd_sc_hd__dfrtp_1)
   0.00    2.03   clock reconvergence pessimism
  -0.12    1.91   library setup time
           1.91   data required time
---------------------------------------------------------
           1.91   data required time
          -1.80   data arrival time
---------------------------------------------------------
           0.11   slack (MET)



==========================================================================
finish report_checks -path_delay min reg to reg
--------------------------------------------------------------------------
Startpoint: rx_module.rx_sync$_DFF_P_
            (rising edge-triggered flip-flop clocked by core_clock)
Endpoint: rx_module.rx_filtered$_DFF_P_
          (rising edge-triggered flip-flop clocked by core_clock)
Path Group: core_clock
Path Type: min

  Delay    Time   Description
---------------------------------------------------------
   0.00    0.00   clock core_clock (rise edge)
   0.00    0.00   clock source latency
   0.00    0.00 ^ clk (in)
   0.16    0.16 ^ clkbuf_0_clk/X (sky130_fd_sc_hd__clkbuf_8)
   0.17    0.33 ^ clkbuf_3_4__f_clk/X (sky130_fd_sc_hd__clkbuf_8)
   0.00    0.33 ^ rx_module.rx_sync$_DFF_P_/CLK (sky130_fd_sc_hd__dfxtp_1)
   0.32    0.65 ^ rx_module.rx_sync$_DFF_P_/Q (sky130_fd_sc_hd__dfxtp_1)
   0.00    0.65 ^ rx_module.rx_filtered$_DFF_P_/D (sky130_fd_sc_hd__dfxtp_1)
           0.65   data arrival time

   0.00    0.00   clock core_clock (rise edge)
   0.00    0.00   clock source latency
   0.00    0.00 ^ clk (in)
   0.16    0.16 ^ clkbuf_0_clk/X (sky130_fd_sc_hd__clkbuf_8)
   0.17    0.33 ^ clkbuf_3_4__f_clk/X (sky130_fd_sc_hd__clkbuf_8)
   0.00    0.33 ^ rx_module.rx_filtered$_DFF_P_/CLK (sky130_fd_sc_hd__dfxtp_1)
   0.00    0.33   clock reconvergence pessimism
  -0.03    0.30   library hold time
           0.30   data required time
---------------------------------------------------------
           0.30   data required time
          -0.65   data arrival time
---------------------------------------------------------
           0.35   slack (MET)



==========================================================================
finish critical path target clock latency max path
--------------------------------------------------------------------------
0.3280

==========================================================================
finish critical path target clock latency min path
--------------------------------------------------------------------------
0.3287

==========================================================================
finish critical path source clock latency min path
--------------------------------------------------------------------------
0.0000

==========================================================================
finish critical path delay
--------------------------------------------------------------------------
1.2954

==========================================================================
finish critical path slack
--------------------------------------------------------------------------
0.0646

==========================================================================
finish slack div critical path delay
--------------------------------------------------------------------------
4.986877

==========================================================================
finish report_power
--------------------------------------------------------------------------
Group                  Internal  Switching    Leakage      Total
                          Power      Power      Power      Power (Watts)
----------------------------------------------------------------
Sequential             1.51e-03   7.12e-06   8.20e-10   1.52e-03  50.8%
Combinational          4.01e-05   4.07e-05   6.63e-10   8.08e-05   2.7%
Clock                  8.14e-04   5.72e-04   1.09e-10   1.39e-03  46.5%
Macro                  0.00e+00   0.00e+00   0.00e+00   0.00e+00   0.0%
Pad                    0.00e+00   0.00e+00   0.00e+00   0.00e+00   0.0%
----------------------------------------------------------------
Total                  2.36e-03   6.20e-04   1.59e-09   2.99e-03 100.0%
                          79.2%      20.8%       0.0%
